[thethaiger.com/thai-lottery.html]
[backblue.gif]
[fade.gif]
[index.html]
[thethaiger.com/wp-content/plugins/wpraiser/assets/js/lazyload574d.js]
[thethaiger.com/wp-content/cache/min/1782895967/plugins/litespeed-cache/assets/css/litespeed-dummy.css]
[thethaiger.com/wp-content/cache/min/1782895967/wp-includes/css/dist/block-library/style.min.css]
[thethaiger.com/wp-content/cache/min/1782895967/plugins/faq-schema-for-pages-and-posts/css/jquery-ui.css]
[thethaiger.com/wp-content/cache/min/1782895967/plugins/wp-smart-thaiger-pagination-naveen/css/custom-pagination-date.css]
[thethaiger.com/wp-content/cache/min/1782895967/plugins/wp-user-avatar/assets/css/frontend.min.css]
[thethaiger.com/wp-content/cache/min/1782895967/plugins/wp-user-avatar/assets/flatpickr/flatpickr.min.css]
[thethaiger.com/wp-content/cache/min/1782895967/plugins/wp-user-avatar/assets/select2/select2.min.css]
[thethaiger.com/wp-content/cache/min/1782895967/themes/jannah/assets/css/base.min.css]
[thethaiger.com/wp-content/cache/min/1782895967/themes/jannah/assets/css/style.min.css]
[thethaiger.com/wp-content/cache/min/1782895967/themes/jannah/assets/css/widgets.min.css]
[thethaiger.com/wp-content/cache/min/1782895967/themes/jannah/assets/css/helpers.min.css]
[thethaiger.com/wp-content/cache/min/1782895967/themes/jannah/assets/css/fontawesome.css]
[thethaiger.com/wp-content/cache/min/1782895967/themes/jannah/assets/ilightbox/dark-skin/skin.css]
[thethaiger.com/wp-content/cache/min/1782895967/themes/jannah/assets/css/single.min.css]
[thethaiger.com/wp-content/cache/min/1782895967/themes/jannah-child/style.css]
[thethaiger.com/css/fontawesome.css]
[thethaiger.com/wp-content/cache/min/1782895967/wp-includes/js/jquery/jquery.min.js]
[thethaiger.com/wp-content/cache/min/1782895967/wp-includes/js/jquery/jquery-migrate.min.js]
[thethaiger.com/wp-content/uploads/2025/01/thai-lotto-crop.jpg]
[thethaiger.com/wp-content/uploads/2018/03/thaiger-t-logo.png]
[thethaiger.com/wp-content/cache/min/1782895967/fonts-0bf38677e207d5489b92effce7d315cb.min.css]
[thethaiger.com/feed]
[thethaiger.com/comments/feed]
[thethaiger.com/wp-content/uploads/2018/03/thaiger-t-logo-80x80.png]
[thethaiger.com/wp-content/cache/min/1782895967/plugins/seo-automated-link-building/js/seo-automated-link-building.js]
[thethaiger.com/wp-content/cache/min/1782895967/plugins/wp-user-avatar/assets/flatpickr/flatpickr.min.js]
[thethaiger.com/wp-content/cache/min/1782895967/plugins/wp-user-avatar/assets/select2/select2.min.js]
[thethaiger.com/wp-content/cache/min/1782895967/plugins/widget-google-reviews/assets/js/public-main.js]
[thethaiger.com/wp-content/themes/jannah-child/js/taboola.js]
[thethaiger.com/wp-content/uploads/2023/05/tg_flag-sprites-4-new.png]
[thethaiger.com/news/national/thai-football-commentator-gambling-promotion-arrest.html]
[thethaiger.com/subscriptions.html]
[thethaiger.com/video-podcasts/thailand-video-news-07-07-2026.html]
[thethaiger.com/news/central-thailand/thai-taxi-driver-loses-vision-after-assault-by-myanmar-passengers.html]
[thethaiger.com/news/chiang-mai/chiang-mai-rental-room-rubbish-tenants.html]
[thethaiger.com/news/south/disabled-cat-missing-during-train-trip-from-yala-to-bangkok.html]
[thethaiger.com/hot-news/transport/m82-motorway-free-trial-august.html]
[thethaiger.com/guides/best-of/lifestyle/central-x-rajadamnern-stadium-bag.html]
[thethaiger.com/news/national/hong-kong-arrests-japanese-cannabis-bangkok.html]
[thethaiger.com/news/bangkok/laotian-driver-accuses-bangkok-police-of-issuing-unfair-fine.html]
[thethaiger.com/wp-content/uploads/2021/09/tg-logo-hr-420-wh-tr-1.png]
[thethaiger.com/wp-content/uploads/2021/09/tg-logo-hr-210-wh-tr-1.png]
[thethaiger.com/travel/thailand-travel/korat-vs-khon-kaen-isaan.html]
[thethaiger.com/index.html]
[thethaiger.com/th/index.html]
[thethaiger.com/news.html]
[thethaiger.com/news/national.html]
[thethaiger.com/news/phuket.html]
[thethaiger.com/news/bangkok.html]
[thethaiger.com/news/chiang-mai.html]
[thethaiger.com/news/pattaya.html]
[thethaiger.com/news/hua-hin.html]
[thethaiger.com/news/samui.html]
[thethaiger.com/news/krabi.html]
[thethaiger.com/news/northern-thailand.html]
[thethaiger.com/news/south.html]
[thethaiger.com/news/central-thailand.html]
[thethaiger.com/news/eastern-thailand.html]
[thethaiger.com/hot-news.html]
[thethaiger.com/hot-news/crime.html]
[thethaiger.com/hot-news/politics.html]
[thethaiger.com/hot-news/economy.html]
[thethaiger.com/hot-news/tourism.html]
[thethaiger.com/news/business.html]
[thethaiger.com/hot-news/cannabis_news.html]
[thethaiger.com/news/world.html]
[thethaiger.com/news/world/china.html]
[thethaiger.com/hot-news/environment.html]
[thethaiger.com/hot-news/road-deaths.html]
[thethaiger.com/hot-news/transport.html]
[thethaiger.com/hot-news/elections.html]
[thethaiger.com/hot-news/protests.html]
[thethaiger.com/law.html]
[thethaiger.com/hot-news/technology.html]
[thethaiger.com/hot-news/songkran.html]
[thethaiger.com/coronavirus.html]
[thethaiger.com/news/opinion.html]
[thethaiger.com/sponsored.html]
[thethaiger.com/guides/press-room.html]
[thethaiger.com/video-podcasts.html]
[thethaiger.com/hot-news/weather.html]
[thethaiger.com/guides.html]
[thethaiger.com/thai-lottery.html]
[thethaiger.com/wp-content/plugins/wpraiser/assets/js/lazyload574d.js]
[thethaiger.com/wp-content/cache/min/1782895967/plugins/litespeed-cache/assets/css/litespeed-dummy.css]
[thethaiger.com/wp-content/cache/min/1782895967/wp-includes/css/dist/block-library/style.min.css]
[thethaiger.com/wp-content/cache/min/1782895967/plugins/faq-schema-for-pages-and-posts/css/jquery-ui.css]
[thethaiger.com/wp-content/cache/min/1782895967/plugins/wp-smart-thaiger-pagination-naveen/css/custom-pagination-date.css]
[thethaiger.com/wp-content/cache/min/1782895967/plugins/wp-user-avatar/assets/css/frontend.min.css]
[thethaiger.com/wp-content/cache/min/1782895967/plugins/wp-user-avatar/assets/flatpickr/flatpickr.min.css]
[thethaiger.com/wp-content/cache/min/1782895967/plugins/wp-user-avatar/assets/select2/select2.min.css]
[thethaiger.com/wp-content/cache/min/1782895967/themes/jannah/assets/css/base.min.css]
[thethaiger.com/wp-content/cache/min/1782895967/themes/jannah/assets/css/style.min.css]
[thethaiger.com/wp-content/cache/min/1782895967/themes/jannah/assets/css/widgets.min.css]
[thethaiger.com/wp-content/cache/min/1782895967/themes/jannah/assets/css/helpers.min.css]
[thethaiger.com/wp-content/cache/min/1782895967/themes/jannah/assets/css/fontawesome.css]
[thethaiger.com/wp-content/cache/min/1782895967/themes/jannah/assets/ilightbox/dark-skin/skin.css]
[thethaiger.com/wp-content/cache/min/1782895967/themes/jannah/assets/css/single.min.css]
[thethaiger.com/wp-content/cache/min/1782895967/themes/jannah-child/style.css]
[thethaiger.com/css/fontawesome.html]
[thethaiger.com/wp-content/cache/min/1782895967/wp-includes/js/jquery/jquery.min.js]
[thethaiger.com/wp-content/cache/min/1782895967/wp-includes/js/jquery/jquery-migrate.min.js]
[thethaiger.com/wp-content/cache/min/1782895967/fonts-0bf38677e207d5489b92effce7d315cb.min.css]
[thethaiger.com/wp-content/cache/min/1782895967/plugins/seo-automated-link-building/js/seo-automated-link-building.js]
[thethaiger.com/wp-content/cache/min/1782895967/plugins/wp-user-avatar/assets/flatpickr/flatpickr.min.js]
[thethaiger.com/wp-content/cache/min/1782895967/plugins/wp-user-avatar/assets/select2/select2.min.js]
[thethaiger.com/wp-content/cache/min/1782895967/plugins/widget-google-reviews/assets/js/public-main.js]
[thethaiger.com/wp-content/themes/jannah-child/js/taboola.js]
[thethaiger.com/subscriptions.html]
[thethaiger.com/news/national/thai-football-commentator-gambling-promotion-arrest.html]
[thethaiger.com/video-podcasts/thailand-video-news-07-07-2026.html]
[thethaiger.com/news/central-thailand/thai-taxi-driver-loses-vision-after-assault-by-myanmar-passengers.html]
[thethaiger.com/news/chiang-mai/chiang-mai-rental-room-rubbish-tenants.html]
[thethaiger.com/news/south/disabled-cat-missing-during-train-trip-from-yala-to-bangkok.html]
[thethaiger.com/hot-news/transport/m82-motorway-free-trial-august.html]
[thethaiger.com/guides/best-of/lifestyle/central-x-rajadamnern-stadium-bag.html]
[thethaiger.com/news/national/hong-kong-arrests-japanese-cannabis-bangkok.html]
[thethaiger.com/news/bangkok/laotian-driver-accuses-bangkok-police-of-issuing-unfair-fine.html]
[thethaiger.com/travel/thailand-travel/korat-vs-khon-kaen-isaan.html]
[thethaiger.com/index.html]
[thethaiger.com/th/index.html]
[thethaiger.com/news.html]
[thethaiger.com/news/national.html]
[thethaiger.com/news/bangkok.html]
[thethaiger.com/news/phuket.html]
[thethaiger.com/news/pattaya.html]
[thethaiger.com/news/chiang-mai.html]
[thethaiger.com/news/samui.html]
[thethaiger.com/news/hua-hin.html]
[thethaiger.com/news/krabi.html]
[thethaiger.com/news/northern-thailand.html]
[thethaiger.com/news/south.html]
[thethaiger.com/news/central-thailand.html]
[thethaiger.com/news/eastern-thailand.html]
[thethaiger.com/hot-news.html]
[thethaiger.com/hot-news/crime.html]
[thethaiger.com/hot-news/politics.html]
[thethaiger.com/hot-news/economy.html]
[thethaiger.com/hot-news/tourism.html]
[thethaiger.com/news/business.html]
[thethaiger.com/hot-news/cannabis_news.html]
[thethaiger.com/news/world.html]
[thethaiger.com/news/world/china.html]
[thethaiger.com/hot-news/environment.html]
[thethaiger.com/hot-news/transport.html]
[thethaiger.com/hot-news/road-deaths.html]
[thethaiger.com/hot-news/elections.html]
[thethaiger.com/hot-news/protests.html]
[thethaiger.com/law.html]
[thethaiger.com/hot-news/technology.html]
[thethaiger.com/hot-news/songkran.html]
[thethaiger.com/coronavirus.html]
[thethaiger.com/news/opinion.html]
[thethaiger.com/sponsored.html]
[thethaiger.com/guides/press-room.html]
[thethaiger.com/video-podcasts.html]
[thethaiger.com/hot-news/weather.html]
[thethaiger.com/guides.html]
[thethaiger.com/travel/thailand-travel.html]
[thethaiger.com/travel/thailand-travel.html]
